// Jest Snapshot v1, https://jestjs.io/docs/snapshot-testing

exports[`Analyzer Snapshot Tests should match snapshot for basic.js 1`] = `
"Line 1 | Decl: x | Type: x: number = 1
Line 4 | Decl: y | Type: const y: string = 'hello'
Line 6 | Decl: z | Type: z: boolean = true
Line 7 | Decl: a | Type: a: array
Line 8 | Decl: b | Type: b: null
Line 9 | Decl: c | Type: c: undefined
Line 10 | Decl: d | Type: d: number = 2
Line 10 | x | Type: x: number = 1
Line 12 | Decl: e | Type: e: string = 'hello world'
Line 12 | y | Type: const y: string = 'hello'"
`;

exports[`Analyzer Snapshot Tests should match snapshot for block.js 1`] = `
"Line 1 | Decl: x | Type: x: number = 2
Line 2 | y | Type: y: number = 7
Line 2 | x | Type: x: number = 2
Line 5 | x | Type: x: string = 'hello'
Line 6 | Decl: y | Type: y: string = 'hello5'
Line 6 | x | Type: x: string = 'hello'"
`;

exports[`Analyzer Snapshot Tests should match snapshot for code-action.js 1`] = `
"Line 2 | Decl: x | Type: const x: number = 7
Line 2 | Decl: y | Type: const y: number = 2
Line 4 | x | Type: const x: number = 5
Line 11 | Decl: x | Type: const x: number = 1
Line 11 | Decl: y | Type: const y: number = 2
Line 13 | y | Type: const y: number = 10
Line 19 | Decl: x | Type: const x: number = 1
Line 19 | Decl: y | Type: const y: number = 2
Line 19 | Decl: z | Type: const z: number = 3
Line 22 | z | Type: const z: number = 100
Line 23 | y | Type: const y: number = 100"
`;

exports[`Analyzer Snapshot Tests should match snapshot for completion.js 1`] = `""`;

exports[`Analyzer Snapshot Tests should match snapshot for completion_extra.js 1`] = `"Line 2 | Decl: localVariable | Type: localVariable: number = 10"`;

exports[`Analyzer Snapshot Tests should match snapshot for constructors.js 1`] = `
"Line 1 | Decl: Person | Type: const Person: function = (firstName, lastName, age) => {

  this.firstName = firstName;
//     ^hover
//                 ^hover
//                 ^def
  this.lastName = lastName;
  this.age = age;

  this.getFullName = () => { this.firstName + this.lastName };

}
Line 14 | Decl: person | Type: person: object = {
  firstName: string = 'marios',
  lastName: string = 'ntoulas',
  age: number = 24,
  getFullName: function = () => { this.firstName + this.lastName }
}
Line 14 | Person | Type: const Person: function = (firstName, lastName, age) => {

  this.firstName = firstName;
//     ^hover
//                 ^hover
//                 ^def
  this.lastName = lastName;
  this.age = age;

  this.getFullName = () => { this.firstName + this.lastName };

}
Line 24 | Decl: cat | Type: const cat: function = function dog(breed, age) {
	this.breed = breed;
	this.age = age;
}
Line 24 | dog | Type: dog: function = function dog(breed, age) {
	this.breed = breed;
	this.age = age;
}
Line 25 | Decl: goodBoy1 | Type: const goodBoy1: dog = {
  breed: string = 'Beagle',
  age: number = 1
}
Line 25 | dog | Type: dog: function = function dog(breed, age) {
	this.breed = breed;
	this.age = age;
}
Line 29 | Decl: goodBoy2 | Type: const goodBoy2: dog = {
  breed: string = 'Beagle',
  age: number = 2
}
Line 29 | cat | Type: const cat: function = function dog(breed, age) {
	this.breed = breed;
	this.age = age;
}
Line 31 | x | Type: x: class = class x {
  a = 2;
  b = 3;
  getA() {
    return a;
  }
  constructor(x) {
    this.x = x;
  }
}
Line 35 | a | Type: a: number = 2
Line 42 | Decl: a | Type: a: x = {
  a: number = 2,
  b: number = 3,
  getA: function = getA() {
    return a;
  },
  x: undefined
}
Line 42 | x | Type: x: class = class x {
  a = 2;
  b = 3;
  getA() {
    return a;
  }
  constructor(x) {
    this.x = x;
  }
}
Line 43 | Decl: b | Type: b: x = {
  a: number = 2,
  b: number = 3,
  getA: function = getA() {
    return a;
  },
  x: number = 5
}
Line 43 | x | Type: x: class = class x {
  a = 2;
  b = 3;
  getA() {
    return a;
  }
  constructor(x) {
    this.x = x;
  }
}"
`;

exports[`Analyzer Snapshot Tests should match snapshot for demo.js 1`] = `
"Line 1 | Decl: global | Type: global: number = 100
Line 3 | global | Type: global: number = 100
Line 6 | global | Type: global: string = ''
Line 8 | nonPure(...) | Return: undefined
Line 8 | nonPure | Type: nonPure: function = function nonPure() {
    global;
//  ^hover
//  ^def
    global = '';
}
Line 9 | global | Type: global: string = ''
Line 13 | a | Type: a: number || string
Line 13 | b | Type: b: number || string
Line 16 | Decl: x | Type: x: number = 5
Line 16 | add(...) | Return: number
Line 16 | add | Type: add: function = function add(a, b) {
    return a + b;
}
Line 22 | a | Type: a: number || string
Line 24 | Decl: x | Type: x: object = {
  a: any
}
Line 25 | x | Type: x: object = {
  a: any
}
Line 31 | Decl: me | Type: const me: object = {

}
Line 33 | me | Type: const me: object = {
  x: any
}
Line 34 | me | Type: const me: object = {
  x: any,
  y: any
}
Line 36 | Decl: sqrt | Type: const sqrt: function = () => {}
Line 38 | me | Type: const me: object = {
  x: any,
  y: any,
  computeMagnitude: function = () => {
        return sqrt(me.x * me.x + me.y * me.y);
//                  ^hover
//                     ^hover
    }
}
Line 39 | sqrt(...) | Return: undefined
Line 39 | sqrt | Type: const sqrt: function = () => {}
Line 39 | me | Type: const me: object = {
  x: any,
  y: any
}
Line 39 | me | Type: const me: object = {
  x: any,
  y: any
}
Line 39 | me | Type: const me: object = {
  x: any,
  y: any
}
Line 39 | me | Type: const me: object = {
  x: any,
  y: any
}
Line 44 | me | Type: const me: object = {
  x: any,
  y: any,
  computeMagnitude: function = () => {
        return sqrt(me.x * me.x + me.y * me.y);
//                  ^hover
//                     ^hover
    }
}"
`;

exports[`Analyzer Snapshot Tests should match snapshot for dynamic_properties.js 1`] = `
"Line 1 | Decl: x | Type: x: object = {
  a: number = -1,
  b: string = 'sqr',
  c: boolean = false
}
Line 8 | x | Type: x: object = {
  a: number = 1,
  b: string = 'sqr',
  c: boolean = false,
  d: object = {

  }
}
Line 10 | x | Type: x: object = {
  a: number = -1,
  b: string = 'sqr',
  c: boolean = false,
  d: object = {
    foo: number = 3.14
  }
}
Line 12 | x | Type: x: object = {
  a: number = 1,
  b: string = 'sqr',
  c: boolean = false,
  d: object = {
    foo: number = 3.14,
    bar: string = 'world'
  }
}"
`;

exports[`Analyzer Snapshot Tests should match snapshot for expressions.js 1`] = `
"Line 1 | Decl: a | Type: const a: number = 2
Line 2 | Decl: b | Type: const b: number = 5
Line 3 | Decl: c | Type: const c: number = 7
Line 3 | a | Type: const a: number = 2
Line 3 | b | Type: const b: number = 5
Line 7 | Decl: d | Type: const d: string = 'd'
Line 8 | Decl: e | Type: const e: string = 'e'
Line 9 | Decl: w | Type: w: string = 'de'
Line 9 | d | Type: const d: string = 'd'
Line 9 | e | Type: const e: string = 'e'
Line 13 | Decl: f | Type: f: boolean = true
Line 14 | Decl: g | Type: g: boolean = false
Line 15 | Decl: h | Type: h: number = 1
Line 15 | f | Type: f: boolean = true
Line 15 | g | Type: g: boolean = false
Line 17 | f | Type: f: null
Line 18 | h | Type: h: number
Line 18 | f | Type: f: null
Line 18 | f | Type: f: null
Line 19 | f | Type: f: undefined
Line 20 | h | Type: h: number
Line 20 | f | Type: f: undefined
Line 20 | f | Type: f: undefined
Line 22 | f | Type: f: function = function () {}
Line 24 | Decl: x | Type: x: number = 2
Line 25 | Decl: y | Type: y: string = ''
Line 27 | Decl: z | Type: z: string = '2'
Line 27 | x | Type: x: number = 2
Line 27 | y | Type: y: string = ''
Line 29 | z | Type: z: number = 3
Line 30 | z | Type: z: number = 2
Line 31 | z | Type: z: string
Line 32 | z | Type: z: string = '2[object Object]'
Line 34 | x | Type: x: object = {
  a: number = 2
}
Line 34 | a | Type: const a: number = 2
Line 35 | z | Type: z: string = '[object Object]2'
Line 35 | x | Type: x: object = {
  a: number = 2
}
Line 37 | z | Type: z: string = '[object Object]aaa'
Line 37 | x | Type: x: object = {
  a: number = 2
}
Line 38 | z | Type: z: string = '[object Object]true'
Line 38 | x | Type: x: object = {
  a: number = 2
}
Line 39 | z | Type: z: string = '[object Object]false'
Line 39 | x | Type: x: object = {
  a: number = 2
}
Line 40 | z | Type: z: string
Line 40 | x | Type: x: object = {
  a: number = 2
}
Line 41 | z | Type: z: string
Line 41 | x | Type: x: object = {
  a: number = 2
}
Line 42 | z | Type: z: string
Line 42 | x | Type: x: object = {
  a: number = 2
}
Line 44 | x | Type: x: function = () => {}
Line 45 | y | Type: y: function = function() {}
Line 46 | z | Type: z: string = '() => {}function() {}'
Line 46 | x | Type: x: function = () => {}
Line 46 | y | Type: y: function = function() {}
Line 50 | z | Type: z: number = 2
Line 51 | z | Type: z: number = 2
Line 52 | z | Type: z: number = 0
Line 53 | z | Type: z: number = NaN
Line 54 | z | Type: z: number = 1
Line 55 | z | Type: z: number = 0
Line 56 | z | Type: z: number = NaN
Line 57 | z | Type: z: number = NaN
Line 58 | z | Type: z: number = NaN
Line 59 | z | Type: z: number = NaN
Line 60 | z | Type: z: number = 0
Line 61 | z | Type: z: number = NaN
Line 64 | z | Type: z: number = -2
Line 65 | z | Type: z: number = -2
Line 66 | z | Type: z: number = 0
Line 67 | z | Type: z: number = NaN
Line 68 | z | Type: z: number = -1
Line 69 | z | Type: z: number = 0
Line 70 | z | Type: z: number = NaN
Line 71 | z | Type: z: number = NaN
Line 72 | z | Type: z: number = NaN
Line 73 | z | Type: z: number = NaN
Line 74 | z | Type: z: number = 0
Line 75 | z | Type: z: number = NaN
Line 78 | x | Type: x: number = 2
Line 79 | z | Type: z: number = 3
Line 79 | x | Type: x: number = 3
Line 83 | z | Type: z: number = 2
Line 83 | x | Type: x: number = 2
Line 85 | z | Type: z: undefined
Line 87 | z | Type: z: string = 'number'
Line 88 | z | Type: z: string = 'string'
Line 89 | z | Type: z: string = 'boolean'
Line 90 | z | Type: z: string = 'boolean'
Line 91 | z | Type: z: string = 'object'
Line 92 | z | Type: z: string = 'object'
Line 93 | z | Type: z: string = 'function'
Line 94 | z | Type: z: string = 'function'
Line 95 | z | Type: z: string = 'object'
Line 96 | z | Type: z: string = 'object'
Line 97 | z | Type: z: string = 'undefined'
Line 98 | p | Type: p: class = class p {}
Line 102 | x | Type: x: number = 5
Line 103 | y | Type: y: number = 10
Line 105 | z | Type: z: number = -5
Line 105 | x | Type: x: number = 5
Line 105 | y | Type: y: number = 10
Line 106 | y | Type: y: string = '2'
Line 107 | z | Type: z: number = 3
Line 107 | x | Type: x: number = 5
Line 107 | y | Type: y: string = '2'
Line 108 | y | Type: y: string = 'a'
Line 109 | z | Type: z: number = NaN
Line 109 | x | Type: x: number = 5
Line 109 | y | Type: y: string = 'a'
Line 110 | z | Type: z: number = 4
Line 111 | z | Type: z: number = 5
Line 112 | z | Type: z: number
Line 113 | z | Type: z: number = NaN
Line 114 | z | Type: z: number = NaN
Line 115 | z | Type: z: number = NaN
Line 116 | z | Type: z: number
Line 117 | z | Type: z: number
Line 120 | z | Type: z: number = 9
Line 122 | z | Type: z: number = NaN
Line 127 | z | Type: z: number = 0
Line 128 | z | Type: z: number = 0
Line 132 | z | Type: z: number = 2
Line 133 | z | Type: z: number = 2
Line 138 | z | Type: z: number = 0
Line 139 | z | Type: z: number = 7
Line 140 | z | Type: z: number = 1
Line 143 | z | Type: z: boolean = true
Line 144 | z | Type: z: boolean = false
Line 146 | z | Type: z: boolean = true
Line 147 | z | Type: z: boolean = true
Line 148 | z | Type: z: boolean = false
Line 151 | z | Type: z: boolean = true
Line 152 | z | Type: z: boolean = true
Line 153 | z | Type: z: boolean = false
Line 155 | Decl: shorthandProperty | Type: const shorthandProperty: string = 'shorthandProperty'
Line 157 | Decl: computed | Type: computed: undefined
Line 159 | computed | Type: computed: string = 'computed1'
Line 161 | computed | Type: computed: string = 'computed2'"
`;

exports[`Analyzer Snapshot Tests should match snapshot for for-statement.js 1`] = `
"Line 2 | Decl: b | Type: b: array
Line 2 | Decl: c | Type: c: object = {

}
Line 2 | Decl: e | Type: e: undefined
Line 3 | Decl: i | Type: i: number = 0
Line 3 | i | Type: i: number = 0
Line 3 | i | Type: i: number = 0
Line 6 | b | Type: b: array
Line 6 | i | Type: i: number = 0
Line 6 | i | Type: i: number = 0
Line 10 | c | Type: c: object = {

}
Line 10 | i | Type: i: number = 0
Line 10 | b | Type: b: array
Line 10 | i | Type: i: number = 0
Line 13 | c | Type: c: object = {
  x2: number = 2
}"
`;

exports[`Analyzer Snapshot Tests should match snapshot for functions.js 1`] = `
"Line 2 | a | Type: a: number || string
Line 2 | b | Type: b: number || string
Line 5 | Decl: sum | Type: sum: number = 3
Line 5 | add(...) | Return: number
Line 5 | add | Type: add: function = function add(a, b) {
    return a + b;
}
Line 9 | Decl: greeting | Type: greeting: string = 'hello world'
Line 9 | add(...) | Return: string
Line 9 | add | Type: add: function = function add(a, b) {
    return a + b;
}
Line 13 | Decl: multiply | Type: const multiply: function = (x, y) => x * y
Line 13 | x | Type: x: number
Line 13 | y | Type: y: number
Line 14 | Decl: product | Type: product: undefined
Line 14 | multiply(...) | Return: undefined
Line 14 | multiply | Type: const multiply: function = (x, y) => x * y
Line 19 | name | Type: name: number || string
Line 22 | greet(...) | Return: string
Line 22 | greet | Type: greet: function = function greet(name = 'Guest') {
    return 'Hello ' + name;
}
Line 24 | greet(...) | Return: string
Line 24 | greet | Type: greet: function = function greet(name = 'Guest') {
    return 'Hello ' + name;
}"
`;

exports[`Analyzer Snapshot Tests should match snapshot for goto-definition.js 1`] = `
"Line 19 | Decl: point | Type: const point: object = {

}
Line 21 | point | Type: const point: object = {
  x: any
}
Line 22 | point | Type: const point: object = {
  x: any,
  y: any
}
Line 24 | point | Type: const point: object = {
  x: any,
  y: any
}
Line 30 | Decl: line | Type: const line: object = {

}
Line 32 | line | Type: const line: object = {
  begin: any
}
Line 32 | createPoint(...) | Return: any
Line 32 | createPoint | Type: createPoint: function = function createPoint(x, y) {
    
    const point = {};

    point.x = x;
    point.y = y;
    
    return point;

}
Line 33 | line | Type: const line: object = {
  begin: any,
  end: any
}
Line 33 | createPoint(...) | Return: any
Line 33 | createPoint | Type: createPoint: function = function createPoint(x, y) {
    
    const point = {};

    point.x = x;
    point.y = y;
    
    return point;

}
Line 35 | line | Type: const line: object = {
  begin: any,
  end: any
}
Line 41 | Decl: circle | Type: const circle: object = {

}
Line 43 | circle | Type: const circle: object = {
  center: any
}
Line 43 | createPoint(...) | Return: any
Line 43 | createPoint | Type: createPoint: function = function createPoint(x, y) {
    
    const point = {};

    point.x = x;
    point.y = y;
    
    return point;

}
Line 44 | circle | Type: const circle: object = {
  center: any,
  radius: any
}
Line 46 | circle | Type: const circle: object = {
  center: any,
  radius: any,
  area: function = () => {
        const area = Math.PI * radius * radius;
        return area;
    }
}
Line 47 | Decl: area | Type: const area: number
Line 47 | radius | Type: radius: number
Line 47 | radius | Type: radius: number
Line 48 | area | Type: const area: number
Line 51 | circle | Type: const circle: object = {
  center: any,
  radius: any,
  area: function = () => {
        const area = Math.PI * radius * radius;
        return area;
    }
}
Line 57 | Decl: rectangle | Type: const rectangle: object = {

}
Line 59 | rectangle | Type: const rectangle: object = {
  topLeft: any
}
Line 59 | createPoint(...) | Return: any
Line 59 | createPoint | Type: createPoint: function = function createPoint(x, y) {
    
    const point = {};

    point.x = x;
    point.y = y;
    
    return point;

}
Line 60 | rectangle | Type: const rectangle: object = {
  topLeft: any,
  width: any
}
Line 61 | rectangle | Type: const rectangle: object = {
  topLeft: any,
  width: any,
  height: any
}
Line 63 | rectangle | Type: const rectangle: object = {
  topLeft: any,
  width: any,
  height: any,
  area: function = () => {
        const area = width * height;
        return area;
    }
}
Line 64 | Decl: area | Type: const area: number
Line 64 | width | Type: width: number
Line 64 | height | Type: height: number
Line 65 | area | Type: const area: number
Line 68 | rectangle | Type: const rectangle: object = {
  topLeft: any,
  width: any,
  height: any,
  area: function = () => {
        const area = width * height;
        return area;
    }
}
Line 71 | Decl: r | Type: r: any
Line 71 | createRectangle(...) | Return: any
Line 71 | createRectangle | Type: createRectangle: function = function createRectangle(x, y, width, height) {

    const rectangle = {};

    rectangle.topLeft = createPoint(x, y);
    rectangle.width = width;
    rectangle.height = height;

    rectangle.area = () => {
        const area = width * height;
        return area;
    };

    return rectangle;

}
Line 74 | Decl: box | Type: const box: any
Line 74 | createRectangle(...) | Return: any
Line 74 | createRectangle | Type: createRectangle: function = function createRectangle(x, y, width, height) {

    const rectangle = {};

    rectangle.topLeft = createPoint(x, y);
    rectangle.width = width;
    rectangle.height = height;

    rectangle.area = () => {
        const area = width * height;
        return area;
    };

    return rectangle;

}
Line 75 | box | Type: const box: any
Line 78 | Decl: ShapeType | Type: const ShapeType: object = {
  Point: number = 0,
  Line: number = 1,
  Circle: number = 2
}
Line 86 | Decl: shapes | Type: const shapes: array
Line 88 | Decl: i | Type: i: number = 0
Line 88 | i | Type: i: number = 0
Line 88 | total | Type: total: number
Line 88 | i | Type: i: number = 0
Line 91 | shapes.push(...) | Return: any
Line 91 | shapes | Type: const shapes: array
Line 91 | createCircle(...) | Return: any
Line 91 | createCircle | Type: createCircle: function = function createCircle(centerX, centerY, radius) {

    const circle = {};

    circle.center = createPoint(centerX, centerY);
    circle.radius = radius;

    circle.area = () => {
        const area = Math.PI * radius * radius;
        return area;
    };

    return circle;

}
Line 97 | shapes | Type: const shapes: array
Line 101 | Animal | Type: Animal: class = class Animal {

    name;
    age;

    speak() {

    };

    walk() {
        
    }

    sleep() {

    }

    set name() {

    }

    get name() {

    }

    set age() {

    }

    get age() {

    }

}
Line 136 | Decl: shapes | Type: const shapes: any
Line 136 | createRandomShapes(...) | Return: any
Line 136 | createRandomShapes | Type: createRandomShapes: function = function createRandomShapes(total) {

    const shapes = [];
    
    for(let i = 0; i < total; ++i) {
        switch(random) {
            case 0: {
                shapes.push(createCircle());
                break;
            }
        }
    }

    return shapes;

}
Line 146 | Decl: goodBoy | Type: const goodBoy: object = {
  name: string = 'Scooby',
  age: number = 2,
  breed: string = 'Great Dance',
  bark: function = (id)=>"Woof " + n + "!"
}
Line 146 | createDog(...) | Return: object
Line 146 | createDog | Type: createDog: function = function createDog (name, age, breed) {
    return {
        "name" : name,
        "age"  : age,
        "breed" :breed, 
        bark :(id)=>"Woof " + n + "!"
    };
}
Line 147 | goodBoy.bark(...) | Return: undefined
Line 147 | goodBoy | Type: const goodBoy: object = {
  name: string = 'Scooby',
  age: number = 2,
  breed: string = 'Great Dance',
  bark: function = (id)=>"Woof " + n + "!"
}"
`;

exports[`Analyzer Snapshot Tests should match snapshot for if_statement.js 1`] = `
"Line 6 | Decl: x | Type: x: number = 2
Line 7 | Decl: y | Type: y: number = 10
Line 11 | x | Type: x: number = 2
Line 12 | x | Type: x: number = 5
Line 13 | y | Type: y: number = 5
Line 17 | x | Type: x: number = 10
Line 18 | y | Type: y: number = 12
Line 22 | x | Type: x: number = 50
Line 25 | x | Type: x: number = 2
Line 27 | y | Type: y: string = ''
Line 28 | y | Type: y: object = {
  a: number = 2
}
Line 29 | y | Type: y: number = 5
Line 31 | x | Type: x: number = 5"
`;

exports[`Analyzer Snapshot Tests should match snapshot for import.js 1`] = `
"Line 1 | defaultExport1 | Type: defaultExport1: any
Line 3 | namedImports1 | Type: namedImports1: any
Line 4 | export1 | Type: export1: any
Line 5 | export2 | Type: export2: any
Line 5 | export3 | Type: export3: any
Line 6 | export4 | Type: export4: any
Line 7 | defaultExport2 | Type: defaultExport2: any
Line 7 | export5 | Type: export5: any
Line 8 | defaultExport3 | Type: defaultExport3: any
Line 8 | namedImports2 | Type: namedImports2: any"
`;

exports[`Analyzer Snapshot Tests should match snapshot for index.js 1`] = `
"Line 11 | Decl: redirects | Type: redirects: array
Line 13 | Decl: footerItems | Type: footerItems: array
Line 16 | document.getElementById(...) | Return: any
Line 16 | getImage(...) | Return: any
Line 19 | Decl: item | Type: item: undefined
Line 19 | redirects | Type: redirects: array
Line 20 | document.getElementById(redirects[item]).addEventListener(...) | Return: any
Line 20 | document.getElementById(...) | Return: any
Line 20 | redirects | Type: redirects: array
Line 20 | item | Type: item: undefined
Line 21 | page.pageSwap(...) | Return: any
Line 21 | page | Type: page: undefined
Line 26 | document.getElementById('optionsButton').addEventListener(...) | Return: any
Line 26 | document.getElementById(...) | Return: any
Line 27 | document.getElementById(...) | Return: any
Line 28 | document.getElementById(...) | Return: any
Line 30 | document.getElementById(...) | Return: any
Line 34 | localStorage.getItem(...) | Return: any
Line 34 | document.getElementById(...) | Return: any
Line 35 | document.getElementById(...) | Return: any
Line 37 | document.getElementById('soundButton').addEventListener(...) | Return: any
Line 37 | document.getElementById(...) | Return: any
Line 38 | Decl: element | Type: element: any
Line 38 | document.getElementById(...) | Return: any
Line 39 | localStorage.getItem(...) | Return: any
Line 40 | element | Type: element: any
Line 41 | localStorage.setItem(...) | Return: any
Line 43 | element | Type: element: any
Line 44 | localStorage.setItem(...) | Return: any
Line 51 | Decl: pageWrapper | Type: pageWrapper: any
Line 51 | document.createElement(...) | Return: any
Line 52 | addIDToElement(...) | Return: any
Line 52 | pageWrapper | Type: pageWrapper: any
Line 54 | Decl: appName | Type: appName: any
Line 54 | document.createElement(...) | Return: any
Line 55 | appName.setAttribute(...) | Return: any
Line 55 | appName | Type: appName: any
Line 56 | pageWrapper.appendChild(...) | Return: any
Line 56 | pageWrapper | Type: pageWrapper: any
Line 56 | appName | Type: appName: any
Line 58 | Decl: mainMenu | Type: mainMenu: any
Line 58 | document.createElement(...) | Return: any
Line 59 | addClassToElement(...) | Return: any
Line 59 | mainMenu | Type: mainMenu: any
Line 60 | addIDToElement(...) | Return: any
Line 60 | mainMenu | Type: mainMenu: any
Line 62 | Decl: item | Type: item: undefined
Line 62 | redirects | Type: redirects: array
Line 63 | Decl: but | Type: but: any
Line 63 | document.createElement(...) | Return: any
Line 64 | addIDToElement(...) | Return: any
Line 64 | redirects | Type: redirects: array
Line 64 | item | Type: item: undefined
Line 64 | but | Type: but: any
Line 65 | but | Type: but: any
Line 65 | getImage(...) | Return: any
Line 65 | redirects | Type: redirects: array
Line 65 | item | Type: item: undefined
Line 66 | mainMenu.appendChild(...) | Return: any
Line 66 | mainMenu | Type: mainMenu: any
Line 66 | but | Type: but: any
Line 68 | pageWrapper.appendChild(...) | Return: any
Line 68 | pageWrapper | Type: pageWrapper: any
Line 68 | mainMenu | Type: mainMenu: any
Line 70 | Decl: optionsButton | Type: optionsButton: any
Line 70 | document.createElement(...) | Return: any
Line 71 | addIDToElement(...) | Return: any
Line 71 | optionsButton | Type: optionsButton: any
Line 72 | pageWrapper.appendChild(...) | Return: any
Line 72 | pageWrapper | Type: pageWrapper: any
Line 72 | optionsButton | Type: optionsButton: any
Line 74 | Decl: footer | Type: footer: any
Line 74 | document.createElement(...) | Return: any
Line 75 | addIDToElement(...) | Return: any
Line 75 | footer | Type: footer: any
Line 77 | Decl: item | Type: item: undefined
Line 77 | footerItems | Type: footerItems: array
Line 78 | Decl: but | Type: but: any
Line 78 | document.createElement(...) | Return: any
Line 79 | addIDToElement(...) | Return: any
Line 79 | footerItems | Type: footerItems: array
Line 79 | item | Type: item: undefined
Line 79 | but | Type: but: any
Line 80 | addClassToElement(...) | Return: any
Line 80 | but | Type: but: any
Line 81 | footer.appendChild(...) | Return: any
Line 81 | footer | Type: footer: any
Line 81 | but | Type: but: any
Line 83 | pageWrapper.appendChild(...) | Return: any
Line 83 | pageWrapper | Type: pageWrapper: any
Line 83 | footer | Type: footer: any
Line 85 | document.body.appendChild(...) | Return: any
Line 85 | pageWrapper | Type: pageWrapper: any
Line 86 | eventListeners(...) | Return: undefined
Line 86 | eventListeners | Type: eventListeners: function = function eventListeners() {
        document.getElementById('appName').style.backgroundImage = "url('" + getImage("appName") + "')";


        for(var item in redirects){
            document.getElementById(redirects[item]).addEventListener("click", function (e) {
                page.pageSwap(e.target.id);
                return;
            });
        }

        document.getElementById('optionsButton').addEventListener("click", function () {
            if (document.getElementById('footer').style.width == '0px') {
                document.getElementById('footer').style.width = '80%';
            } else {
                document.getElementById('footer').style.width = '0';
            }
        });

        if (localStorage.getItem("sound_opt") === "On") document.getElementById('soundButton').style.backgroundImage = 'url("./images/soundOn.png")';
        else document.getElementById('soundButton').style.backgroundImage = 'url("./images/soundOff.png")';

        document.getElementById('soundButton').addEventListener("click", function () {
            var element = document.getElementById('soundButton');
            if (localStorage.getItem("sound_opt") === "On") {
                element.style.backgroundImage = 'url("./images/soundOff.png")';
                localStorage.setItem("sound_opt", "Off");
            } else {
                element.style.backgroundImage = 'url("./images/soundOn.png")';
                localStorage.setItem("sound_opt", "On");
                //mediaPlay(getSound("bell")).play();
            }
        });
    }
Line 90 | document.getElementById('pageWrapper').remove(...) | Return: any
Line 90 | document.getElementById(...) | Return: any
Line 94 | builderUI | Type: builderUI: function = function builderUI(){
        var pageWrapper = document.createElement('div');
        addIDToElement('pageWrapper',pageWrapper);

        var appName = document.createElement('div');
        appName.setAttribute('id','appName');
        pageWrapper.appendChild(appName);

        var mainMenu = document.createElement('div');
        addClassToElement('unselectable',mainMenu);
        addIDToElement('mainMenu', mainMenu);

        for(var item in redirects){
            var but = document.createElement('button');
            addIDToElement(redirects[item],but);
            but.style.backgroundImage = "url('" + getImage("start-"+redirects[item]) + "')";
            mainMenu.appendChild(but);
        }
        pageWrapper.appendChild(mainMenu);

        var optionsButton = document.createElement('button');
        addIDToElement('optionsButton',optionsButton);
        pageWrapper.appendChild(optionsButton);

        var footer = document.createElement('div');
        addIDToElement('footer',footer);

        for(var item in footerItems){
            var but = document.createElement('button');
            addIDToElement(footerItems[item]+'Button',but);
            addClassToElement("index_footerItem",but);
            footer.appendChild(but);
        }
        pageWrapper.appendChild(footer);
        
        document.body.appendChild(pageWrapper);
        eventListeners();
    }
Line 95 | destructorUI | Type: destructorUI: function = function destructorUI(){
        document.getElementById('pageWrapper').remove();
    }
Line 100 | Decl: currPage | Type: currPage: object = {
  builderUI: function = function builderUI(){
        var pageWrapper = document.createElement('div');
        addIDToElement('pageWrapper',pageWrapper);

        var appName = document.createElement('div');
        appName.setAttribute('id','appName');
        pageWrapper.appendChild(appName);

        var mainMenu = document.createElement('div');
        addClassToElement('unselectable',mainMenu);
        addIDToElement('mainMenu', mainMenu);

        for(var item in redirects){
            var but = document.createElement('button');
            addIDToElement(redirects[item],but);
            but.style.backgroundImage = "url('" + getImage("start-"+redirects[item]) + "')";
            mainMenu.appendChild(but);
        }
        pageWrapper.appendChild(mainMenu);

        var optionsButton = document.createElement('button');
        addIDToElement('optionsButton',optionsButton);
        pageWrapper.appendChild(optionsButton);

        var footer = document.createElement('div');
        addIDToElement('footer',footer);

        for(var item in footerItems){
            var but = document.createElement('button');
            addIDToElement(footerItems[item]+'Button',but);
            addClassToElement("index_footerItem",but);
            footer.appendChild(but);
        }
        pageWrapper.appendChild(footer);
        
        document.body.appendChild(pageWrapper);
        eventListeners();
    },
  destructorUI: function = function destructorUI(){
        document.getElementById('pageWrapper').remove();
    }
}
Line 100 | IndexPage | Type: IndexPage: function = function IndexPage(){
//       ^hover
    
    var redirects = ['campaign','selectLevel','achievements','statistics'];
//      ^hover
    var footerItems = ['sound'];

    function eventListeners() {
        document.getElementById('appName').style.backgroundImage = "url('" + getImage("appName") + "')";


        for(var item in redirects){
            document.getElementById(redirects[item]).addEventListener("click", function (e) {
                page.pageSwap(e.target.id);
                return;
            });
        }

        document.getElementById('optionsButton').addEventListener("click", function () {
            if (document.getElementById('footer').style.width == '0px') {
                document.getElementById('footer').style.width = '80%';
            } else {
                document.getElementById('footer').style.width = '0';
            }
        });

        if (localStorage.getItem("sound_opt") === "On") document.getElementById('soundButton').style.backgroundImage = 'url("./images/soundOn.png")';
        else document.getElementById('soundButton').style.backgroundImage = 'url("./images/soundOff.png")';

        document.getElementById('soundButton').addEventListener("click", function () {
            var element = document.getElementById('soundButton');
            if (localStorage.getItem("sound_opt") === "On") {
                element.style.backgroundImage = 'url("./images/soundOff.png")';
                localStorage.setItem("sound_opt", "Off");
            } else {
                element.style.backgroundImage = 'url("./images/soundOn.png")';
                localStorage.setItem("sound_opt", "On");
                //mediaPlay(getSound("bell")).play();
            }
        });
    }

    function builderUI(){
        var pageWrapper = document.createElement('div');
        addIDToElement('pageWrapper',pageWrapper);

        var appName = document.createElement('div');
        appName.setAttribute('id','appName');
        pageWrapper.appendChild(appName);

        var mainMenu = document.createElement('div');
        addClassToElement('unselectable',mainMenu);
        addIDToElement('mainMenu', mainMenu);

        for(var item in redirects){
            var but = document.createElement('button');
            addIDToElement(redirects[item],but);
            but.style.backgroundImage = "url('" + getImage("start-"+redirects[item]) + "')";
            mainMenu.appendChild(but);
        }
        pageWrapper.appendChild(mainMenu);

        var optionsButton = document.createElement('button');
        addIDToElement('optionsButton',optionsButton);
        pageWrapper.appendChild(optionsButton);

        var footer = document.createElement('div');
        addIDToElement('footer',footer);

        for(var item in footerItems){
            var but = document.createElement('button');
            addIDToElement(footerItems[item]+'Button',but);
            addClassToElement("index_footerItem",but);
            footer.appendChild(but);
        }
        pageWrapper.appendChild(footer);
        
        document.body.appendChild(pageWrapper);
        eventListeners();
    }

    function destructorUI(){
        document.getElementById('pageWrapper').remove();
    }

    return {
        builderUI,
        destructorUI
    }
}
Line 102 | Decl: scr | Type: scr: undefined
Line 103 | Decl: scriptElem | Type: scriptElem: any
Line 103 | document.createElement(...) | Return: any
Line 104 | scriptElem.setAttribute(...) | Return: any
Line 104 | scriptElem | Type: scriptElem: any
Line 105 | scriptElem.setAttribute(...) | Return: any
Line 105 | scriptElem | Type: scriptElem: any
Line 105 | scr | Type: scr: undefined
Line 106 | document.body.appendChild(...) | Return: any
Line 106 | scriptElem | Type: scriptElem: any
Line 108 | Decl: css | Type: css: undefined
Line 109 | Decl: cssElem | Type: cssElem: any
Line 109 | document.createElement(...) | Return: any
Line 110 | cssElem.setAttribute(...) | Return: any
Line 110 | cssElem | Type: cssElem: any
Line 111 | cssElem.setAttribute(...) | Return: any
Line 111 | cssElem | Type: cssElem: any
Line 112 | cssElem.setAttribute(...) | Return: any
Line 112 | cssElem | Type: cssElem: any
Line 112 | css | Type: css: undefined
Line 113 | document.head.appendChild(...) | Return: any
Line 113 | cssElem | Type: cssElem: any
Line 118 | installPages(...) | Return: undefined
Line 118 | installPages | Type: installPages: function = function installPages(){
        for(var scr in translator.requiredScripts){
            var scriptElem = document.createElement('script');
            scriptElem.setAttribute('type','text/javascript');
            scriptElem.setAttribute('src', translator.requiredScripts[scr]);
            document.body.appendChild(scriptElem);
        }
        for(var css in translator.requiredCSS){
            var cssElem = document.createElement('link');
            cssElem.setAttribute('rel','stylesheet');
            cssElem.setAttribute('type','text/css');
            cssElem.setAttribute('href', translator.requiredCSS[css]);
            document.head.appendChild(cssElem);
        }
    }
Line 119 | document.addEventListener(...) | Return: any
Line 119 | onPause.bind(...) | Return: any
Line 119 | onPause | Type: onPause: function = function onPause() {
        console.log("INDEX PAGE pause");
        // TODO: This application has been suspended. Save application state here.
    }
Line 120 | document.addEventListener(...) | Return: any
Line 120 | onResume.bind(...) | Return: any
Line 120 | onResume | Type: onResume: function = function onResume() {
        console.log("INDEX PAGE resume");
        // TODO: This application has been reactivated. Restore application state here.
    }
Line 122 | preLoad(...) | Return: any
Line 122 | builderUI | Type: builderUI: function = function builderUI(){
        currPage.builderUI();
    }
Line 126 | console.log(...) | Return: any
Line 131 | console.log(...) | Return: any
Line 136 | currPage.builderUI(...) | Return: undefined
Line 136 | currPage | Type: currPage: object = {
  builderUI: function = function builderUI(){
        var pageWrapper = document.createElement('div');
        addIDToElement('pageWrapper',pageWrapper);

        var appName = document.createElement('div');
        appName.setAttribute('id','appName');
        pageWrapper.appendChild(appName);

        var mainMenu = document.createElement('div');
        addClassToElement('unselectable',mainMenu);
        addIDToElement('mainMenu', mainMenu);

        for(var item in redirects){
            var but = document.createElement('button');
            addIDToElement(redirects[item],but);
            but.style.backgroundImage = "url('" + getImage("start-"+redirects[item]) + "')";
            mainMenu.appendChild(but);
        }
        pageWrapper.appendChild(mainMenu);

        var optionsButton = document.createElement('button');
        addIDToElement('optionsButton',optionsButton);
        pageWrapper.appendChild(optionsButton);

        var footer = document.createElement('div');
        addIDToElement('footer',footer);

        for(var item in footerItems){
            var but = document.createElement('button');
            addIDToElement(footerItems[item]+'Button',but);
            addClassToElement("index_footerItem",but);
            footer.appendChild(but);
        }
        pageWrapper.appendChild(footer);
        
        document.body.appendChild(pageWrapper);
        eventListeners();
    },
  destructorUI: function = function destructorUI(){
        document.getElementById('pageWrapper').remove();
    }
}
Line 136 | builderUI | Type: builderUI: function = function builderUI(){
        currPage.builderUI();
    }
Line 140 | currPage.destructorUI(...) | Return: undefined
Line 140 | currPage | Type: currPage: object = {
  builderUI: function = function builderUI(){
        var pageWrapper = document.createElement('div');
        addIDToElement('pageWrapper',pageWrapper);

        var appName = document.createElement('div');
        appName.setAttribute('id','appName');
        pageWrapper.appendChild(appName);

        var mainMenu = document.createElement('div');
        addClassToElement('unselectable',mainMenu);
        addIDToElement('mainMenu', mainMenu);

        for(var item in redirects){
            var but = document.createElement('button');
            addIDToElement(redirects[item],but);
            but.style.backgroundImage = "url('" + getImage("start-"+redirects[item]) + "')";
            mainMenu.appendChild(but);
        }
        pageWrapper.appendChild(mainMenu);

        var optionsButton = document.createElement('button');
        addIDToElement('optionsButton',optionsButton);
        pageWrapper.appendChild(optionsButton);

        var footer = document.createElement('div');
        addIDToElement('footer',footer);

        for(var item in footerItems){
            var but = document.createElement('button');
            addIDToElement(footerItems[item]+'Button',but);
            addClassToElement("index_footerItem",but);
            footer.appendChild(but);
        }
        pageWrapper.appendChild(footer);
        
        document.body.appendChild(pageWrapper);
        eventListeners();
    },
  destructorUI: function = function destructorUI(){
        document.getElementById('pageWrapper').remove();
    }
}
Line 140 | destructorUI | Type: destructorUI: function = function destructorUI(){
        currPage.destructorUI();
    }
Line 144 | destructorUI(...) | Return: undefined
Line 144 | destructorUI | Type: destructorUI: function = function destructorUI(){
        currPage.destructorUI();
    }
Line 146 | currPage | Type: currPage: object = {
  builderUI: function = function builderUI(){
        var pageWrapper = document.createElement('div');
        addIDToElement('pageWrapper',pageWrapper);

        var appName = document.createElement('div');
        appName.setAttribute('id','appName');
        pageWrapper.appendChild(appName);

        var mainMenu = document.createElement('div');
        addClassToElement('unselectable',mainMenu);
        addIDToElement('mainMenu', mainMenu);

        for(var item in redirects){
            var but = document.createElement('button');
            addIDToElement(redirects[item],but);
            but.style.backgroundImage = "url('" + getImage("start-"+redirects[item]) + "')";
            mainMenu.appendChild(but);
        }
        pageWrapper.appendChild(mainMenu);

        var optionsButton = document.createElement('button');
        addIDToElement('optionsButton',optionsButton);
        pageWrapper.appendChild(optionsButton);

        var footer = document.createElement('div');
        addIDToElement('footer',footer);

        for(var item in footerItems){
            var but = document.createElement('button');
            addIDToElement(footerItems[item]+'Button',but);
            addClassToElement("index_footerItem",but);
            footer.appendChild(but);
        }
        pageWrapper.appendChild(footer);
        
        document.body.appendChild(pageWrapper);
        eventListeners();
    },
  destructorUI: function = function destructorUI(){
        document.getElementById('pageWrapper').remove();
    }
}
Line 146 | IndexPage | Type: IndexPage: function = function IndexPage(){
//       ^hover
    
    var redirects = ['campaign','selectLevel','achievements','statistics'];
//      ^hover
    var footerItems = ['sound'];

    function eventListeners() {
        document.getElementById('appName').style.backgroundImage = "url('" + getImage("appName") + "')";


        for(var item in redirects){
            document.getElementById(redirects[item]).addEventListener("click", function (e) {
                page.pageSwap(e.target.id);
                return;
            });
        }

        document.getElementById('optionsButton').addEventListener("click", function () {
            if (document.getElementById('footer').style.width == '0px') {
                document.getElementById('footer').style.width = '80%';
            } else {
                document.getElementById('footer').style.width = '0';
            }
        });

        if (localStorage.getItem("sound_opt") === "On") document.getElementById('soundButton').style.backgroundImage = 'url("./images/soundOn.png")';
        else document.getElementById('soundButton').style.backgroundImage = 'url("./images/soundOff.png")';

        document.getElementById('soundButton').addEventListener("click", function () {
            var element = document.getElementById('soundButton');
            if (localStorage.getItem("sound_opt") === "On") {
                element.style.backgroundImage = 'url("./images/soundOff.png")';
                localStorage.setItem("sound_opt", "Off");
            } else {
                element.style.backgroundImage = 'url("./images/soundOn.png")';
                localStorage.setItem("sound_opt", "On");
                //mediaPlay(getSound("bell")).play();
            }
        });
    }

    function builderUI(){
        var pageWrapper = document.createElement('div');
        addIDToElement('pageWrapper',pageWrapper);

        var appName = document.createElement('div');
        appName.setAttribute('id','appName');
        pageWrapper.appendChild(appName);

        var mainMenu = document.createElement('div');
        addClassToElement('unselectable',mainMenu);
        addIDToElement('mainMenu', mainMenu);

        for(var item in redirects){
            var but = document.createElement('button');
            addIDToElement(redirects[item],but);
            but.style.backgroundImage = "url('" + getImage("start-"+redirects[item]) + "')";
            mainMenu.appendChild(but);
        }
        pageWrapper.appendChild(mainMenu);

        var optionsButton = document.createElement('button');
        addIDToElement('optionsButton',optionsButton);
        pageWrapper.appendChild(optionsButton);

        var footer = document.createElement('div');
        addIDToElement('footer',footer);

        for(var item in footerItems){
            var but = document.createElement('button');
            addIDToElement(footerItems[item]+'Button',but);
            addClassToElement("index_footerItem",but);
            footer.appendChild(but);
        }
        pageWrapper.appendChild(footer);
        
        document.body.appendChild(pageWrapper);
        eventListeners();
    }

    function destructorUI(){
        document.getElementById('pageWrapper').remove();
    }

    return {
        builderUI,
        destructorUI
    }
}
Line 148 | currPage | Type: currPage: object = {

}
Line 150 | currPage | Type: currPage: object = {

}
Line 152 | currPage | Type: currPage: object = {

}
Line 154 | currPage | Type: currPage: object = {

}
Line 156 | currPage | Type: currPage: object = {

}
Line 158 | currPage | Type: currPage: object = {

}
Line 160 | currPage | Type: currPage: object = {

}
Line 162 | currPage | Type: currPage: object = {
  builderUI: function = function builderUI(){
        var pageWrapper = document.createElement('div');
        addIDToElement('pageWrapper',pageWrapper);

        var appName = document.createElement('div');
        appName.setAttribute('id','appName');
        pageWrapper.appendChild(appName);

        var mainMenu = document.createElement('div');
        addClassToElement('unselectable',mainMenu);
        addIDToElement('mainMenu', mainMenu);

        for(var item in redirects){
            var but = document.createElement('button');
            addIDToElement(redirects[item],but);
            but.style.backgroundImage = "url('" + getImage("start-"+redirects[item]) + "')";
            mainMenu.appendChild(but);
        }
        pageWrapper.appendChild(mainMenu);

        var optionsButton = document.createElement('button');
        addIDToElement('optionsButton',optionsButton);
        pageWrapper.appendChild(optionsButton);

        var footer = document.createElement('div');
        addIDToElement('footer',footer);

        for(var item in footerItems){
            var but = document.createElement('button');
            addIDToElement(footerItems[item]+'Button',but);
            addClassToElement("index_footerItem",but);
            footer.appendChild(but);
        }
        pageWrapper.appendChild(footer);
        
        document.body.appendChild(pageWrapper);
        eventListeners();
    },
  destructorUI: function = function destructorUI(){
        document.getElementById('pageWrapper').remove();
    }
}
Line 162 | IndexPage | Type: IndexPage: function = function IndexPage(){
//       ^hover
    
    var redirects = ['campaign','selectLevel','achievements','statistics'];
//      ^hover
    var footerItems = ['sound'];

    function eventListeners() {
        document.getElementById('appName').style.backgroundImage = "url('" + getImage("appName") + "')";


        for(var item in redirects){
            document.getElementById(redirects[item]).addEventListener("click", function (e) {
                page.pageSwap(e.target.id);
                return;
            });
        }

        document.getElementById('optionsButton').addEventListener("click", function () {
            if (document.getElementById('footer').style.width == '0px') {
                document.getElementById('footer').style.width = '80%';
            } else {
                document.getElementById('footer').style.width = '0';
            }
        });

        if (localStorage.getItem("sound_opt") === "On") document.getElementById('soundButton').style.backgroundImage = 'url("./images/soundOn.png")';
        else document.getElementById('soundButton').style.backgroundImage = 'url("./images/soundOff.png")';

        document.getElementById('soundButton').addEventListener("click", function () {
            var element = document.getElementById('soundButton');
            if (localStorage.getItem("sound_opt") === "On") {
                element.style.backgroundImage = 'url("./images/soundOff.png")';
                localStorage.setItem("sound_opt", "Off");
            } else {
                element.style.backgroundImage = 'url("./images/soundOn.png")';
                localStorage.setItem("sound_opt", "On");
                //mediaPlay(getSound("bell")).play();
            }
        });
    }

    function builderUI(){
        var pageWrapper = document.createElement('div');
        addIDToElement('pageWrapper',pageWrapper);

        var appName = document.createElement('div');
        appName.setAttribute('id','appName');
        pageWrapper.appendChild(appName);

        var mainMenu = document.createElement('div');
        addClassToElement('unselectable',mainMenu);
        addIDToElement('mainMenu', mainMenu);

        for(var item in redirects){
            var but = document.createElement('button');
            addIDToElement(redirects[item],but);
            but.style.backgroundImage = "url('" + getImage("start-"+redirects[item]) + "')";
            mainMenu.appendChild(but);
        }
        pageWrapper.appendChild(mainMenu);

        var optionsButton = document.createElement('button');
        addIDToElement('optionsButton',optionsButton);
        pageWrapper.appendChild(optionsButton);

        var footer = document.createElement('div');
        addIDToElement('footer',footer);

        for(var item in footerItems){
            var but = document.createElement('button');
            addIDToElement(footerItems[item]+'Button',but);
            addClassToElement("index_footerItem",but);
            footer.appendChild(but);
        }
        pageWrapper.appendChild(footer);
        
        document.body.appendChild(pageWrapper);
        eventListeners();
    }

    function destructorUI(){
        document.getElementById('pageWrapper').remove();
    }

    return {
        builderUI,
        destructorUI
    }
}
Line 163 | builderUI(...) | Return: undefined
Line 163 | builderUI | Type: builderUI: function = function builderUI(){
        currPage.builderUI();
    }
Line 167 | onDeviceReady | Type: onDeviceReady: function = function onDeviceReady(){
        installPages();
        document.addEventListener('pause', onPause.bind(this), false);
        document.addEventListener('resume', onResume.bind(this), false);
        
        preLoad(builderUI,false);
    }
Line 168 | pageSwap | Type: pageSwap: function = function pageSwap(where){
        destructorUI();
        if(where === "index")
            currPage = new IndexPage();
        else if(where === "selectLevel")
            currPage = new SelectLevelPage();
        else if(where === "achievements")
            currPage = new AchievementsPage();
        else if(where === "statistics")
            currPage = new StatisticsPage();
        else if(where === "memoryGame")
            currPage = new MemoryGame();
        else if(where === "reflexGame")
            currPage = new ReflexGame();
        else if(where === "clickGame")
            currPage = new ClickGame();
        else if(where === "matchingGame")
            currPage = new MatchingGame();
        else 
            currPage = new IndexPage();
        builderUI();
    }
Line 173 | Decl: page | Type: page: object = {
  onDeviceReady: function = function onDeviceReady(){
        installPages();
        document.addEventListener('pause', onPause.bind(this), false);
        document.addEventListener('resume', onResume.bind(this), false);
        
        preLoad(builderUI,false);
    },
  pageSwap: function = function pageSwap(where){
        destructorUI();
        if(where === "index")
            currPage = new IndexPage();
        else if(where === "selectLevel")
            currPage = new SelectLevelPage();
        else if(where === "achievements")
            currPage = new AchievementsPage();
        else if(where === "statistics")
            currPage = new StatisticsPage();
        else if(where === "memoryGame")
            currPage = new MemoryGame();
        else if(where === "reflexGame")
            currPage = new ReflexGame();
        else if(where === "clickGame")
            currPage = new ClickGame();
        else if(where === "matchingGame")
            currPage = new MatchingGame();
        else 
            currPage = new IndexPage();
        builderUI();
    }
}
Line 173 | Page | Type: Page: function = function Page(){
    var currPage = new IndexPage();
    function installPages(){
        for(var scr in translator.requiredScripts){
            var scriptElem = document.createElement('script');
            scriptElem.setAttribute('type','text/javascript');
            scriptElem.setAttribute('src', translator.requiredScripts[scr]);
            document.body.appendChild(scriptElem);
        }
        for(var css in translator.requiredCSS){
            var cssElem = document.createElement('link');
            cssElem.setAttribute('rel','stylesheet');
            cssElem.setAttribute('type','text/css');
            cssElem.setAttribute('href', translator.requiredCSS[css]);
            document.head.appendChild(cssElem);
        }
    }

    function onDeviceReady(){
        installPages();
        document.addEventListener('pause', onPause.bind(this), false);
        document.addEventListener('resume', onResume.bind(this), false);
        
        preLoad(builderUI,false);
    };

    function onPause() {
        console.log("INDEX PAGE pause");
        // TODO: This application has been suspended. Save application state here.
    };

    function onResume() {
        console.log("INDEX PAGE resume");
        // TODO: This application has been reactivated. Restore application state here.
    };

    function builderUI(){
        currPage.builderUI();
    }

    function destructorUI(){
        currPage.destructorUI();
    }

    function pageSwap(where){
        destructorUI();
        if(where === "index")
            currPage = new IndexPage();
        else if(where === "selectLevel")
            currPage = new SelectLevelPage();
        else if(where === "achievements")
            currPage = new AchievementsPage();
        else if(where === "statistics")
            currPage = new StatisticsPage();
        else if(where === "memoryGame")
            currPage = new MemoryGame();
        else if(where === "reflexGame")
            currPage = new ReflexGame();
        else if(where === "clickGame")
            currPage = new ClickGame();
        else if(where === "matchingGame")
            currPage = new MatchingGame();
        else 
            currPage = new IndexPage();
        builderUI();
    }

    return {
        onDeviceReady,
        pageSwap
    }

}
Line 176 | document.addEventListener(...) | Return: any
Line 176 | page | Type: page: object = {
  onDeviceReady: function = function onDeviceReady(){
        installPages();
        document.addEventListener('pause', onPause.bind(this), false);
        document.addEventListener('resume', onResume.bind(this), false);
        
        preLoad(builderUI,false);
    },
  pageSwap: function = function pageSwap(where){
        destructorUI();
        if(where === "index")
            currPage = new IndexPage();
        else if(where === "selectLevel")
            currPage = new SelectLevelPage();
        else if(where === "achievements")
            currPage = new AchievementsPage();
        else if(where === "statistics")
            currPage = new StatisticsPage();
        else if(where === "memoryGame")
            currPage = new MemoryGame();
        else if(where === "reflexGame")
            currPage = new ReflexGame();
        else if(where === "clickGame")
            currPage = new ClickGame();
        else if(where === "matchingGame")
            currPage = new MatchingGame();
        else 
            currPage = new IndexPage();
        builderUI();
    }
}"
`;

exports[`Analyzer Snapshot Tests should match snapshot for narrowing.js 1`] = `
"Line 1 | Decl: x | Type: x: number = 1
Line 2 | x | Type: x: number = 1
Line 3 | Decl: y | Type: y: number = 11
Line 3 | x | Type: x: number = 1
Line 7 | Decl: z | Type: z: undefined
Line 8 | Math.random(...) | Return: any
Line 9 | z | Type: z: string = 'string'
Line 11 | z | Type: z: number = 123
Line 14 | Decl: finalZ | Type: finalZ: string = 'string' || number = 123
Line 14 | z | Type: z: string = 'string'"
`;

exports[`Analyzer Snapshot Tests should match snapshot for non_pure_functions.js 1`] = `
"Line 1 | Decl: z | Type: z: number = 7
Line 2 | Decl: w | Type: w: object = {

}
Line 3 | z | Type: z: array
Line 5 | z | Type: z: string = 'foo'
Line 6 | f1(...) | Return: undefined
Line 6 | f1 | Type: f1: function = function f1 ()   { z = []; }
Line 7 | f2(...) | Return: undefined
Line 7 | f2 | Type: f2: function = function f2(a)   { a.x = 10; }
Line 7 | w | Type: w: object = {

}
Line 8 | f3(...) | Return: undefined
Line 8 | f3 | Type: f3: function = function f3(a,b) { a.y = b; z='foo'; }
Line 8 | w | Type: w: object = {
  x: number = 10
}
Line 9 | z | Type: z: string = 'foo'
Line 11 | w | Type: w: object = {
  x: number = 10,
  y: string = 'bar'
}
Line 14 | Decl: x | Type: x: number = 5
Line 15 | x | Type: x: number = 5
Line 19 | foo(...) | Return: undefined
Line 19 | foo | Type: foo: function = function foo() {}
Line 20 | x | Type: x: number = 5
Line 23 | foo | Type: foo: function = function() {
	x = "inside foo";
	let k = 2;
	let z = () => { k = "inside z" };
	z();
	k;
}
Line 24 | x | Type: x: string = 'inside foo'
Line 25 | Decl: k | Type: k: number = 2
Line 26 | Decl: z | Type: z: function = () => { k = "inside z" }
Line 26 | k | Type: k: string = 'inside z'
Line 27 | z(...) | Return: undefined
Line 27 | z | Type: z: function = () => { k = "inside z" }
Line 28 | k | Type: k: string = 'inside z'
Line 30 | foo(...) | Return: undefined
Line 30 | foo | Type: foo: function = function() {
	x = "inside foo";
	let k = 2;
	let z = () => { k = "inside z" };
	z();
	k;
}
Line 31 | x | Type: x: string = 'inside foo'
Line 34 | x | Type: x: number = 10
Line 35 | x | Type: x: number = 10
Line 36 | foo(...) | Return: undefined
Line 36 | foo | Type: foo: function = function() {
	x = "inside foo";
	let k = 2;
	let z = () => { k = "inside z" };
	z();
	k;
}
Line 37 | x | Type: x: string = 'inside foo'
Line 40 | foo | Type: foo: function = () => { x = "inside foo arrow"; }
Line 40 | x | Type: x: string = 'inside foo arrow'
Line 41 | foo(...) | Return: undefined
Line 41 | foo | Type: foo: function = () => { x = "inside foo arrow"; }
Line 42 | x | Type: x: string = 'inside foo arrow'
Line 45 | (function () {
	  x;
//  ^hover
	x = 100;
})(...) | Return: undefined
Line 46 | x | Type: x: string = 'inside foo arrow'
Line 48 | x | Type: x: number = 100
Line 51 | x | Type: x: number = 100
Line 54 | hoisted(...) | Return: undefined
Line 54 | hoisted | Type: hoisted: function = function hoisted() {
	  x;
//  ^hover
	x = 50;
}
Line 55 | x | Type: x: number = 50
Line 58 | x | Type: x: number = 50
Line 60 | x | Type: x: number = 50
Line 63 | Decl: global | Type: global: object = {

}
Line 64 | Decl: glob | Type: glob: number = 5"
`;

exports[`Analyzer Snapshot Tests should match snapshot for objects.js 1`] = `
"Line 1 | Decl: point | Type: const point: object = {
  x: number = 10,
  y: number = 20
}
Line 10 | Decl: px | Type: px: number = 10
Line 10 | point | Type: const point: object = {
  x: number = 10,
  y: number = 20
}
Line 14 | point.move(...) | Return: any
Line 14 | point | Type: const point: object = {
  x: number = 10,
  y: number = 20
}
Line 14 | move | Type: move: function = move(dx, dy) {
        this.x += dx;
        this.y += dy;
    }
Line 17 | Decl: newPx | Type: newPx: number = 10
Line 17 | point | Type: const point: object = {
  x: number = 10,
  y: number = 20
}
Line 20 | Person | Type: Person: class = class Person {
    constructor(name) {
        this.name = name;
    }
    sayHello() {
        return 'Hi, I am ' + this.name;
    }
}
Line 29 | Decl: me | Type: const me: Person = {
  sayHello: function = sayHello() {
        return 'Hi, I am ' + this.name;
    },
  name: string = 'Marios'
}
Line 29 | Person | Type: Person: class = class Person {
    constructor(name) {
        this.name = name;
    }
    sayHello() {
        return 'Hi, I am ' + this.name;
    }
}
Line 33 | Decl: myName | Type: myName: string = 'Marios'
Line 33 | me | Type: const me: Person = {
  sayHello: function = sayHello() {
        return 'Hi, I am ' + this.name;
    },
  name: string = 'Marios'
}
Line 36 | Decl: msg | Type: msg: string || number
Line 36 | me.sayHello(...) | Return: string || number
Line 36 | me | Type: const me: Person = {
  sayHello: function = sayHello() {
        return 'Hi, I am ' + this.name;
    },
  name: string = 'Marios'
}"
`;

exports[`Analyzer Snapshot Tests should match snapshot for outline.js 1`] = `
"Line 1 | Decl: global | Type: global: number = 5
Line 4 | Decl: aaaa | Type: aaaa: number = 2
Line 7 | f | Type: f: function = () => { 
    let x = 2;
}
Line 8 | Decl: x | Type: x: number = 2
Line 13 | f(...) | Return: undefined
Line 13 | f | Type: f: function = () => { 
    let x = 2;
}
Line 14 | Decl: z | Type: z: number = 10
Line 15 | z | Type: z: number = 10
Line 18 | point | Type: point: class = class point {

    x;
    y;

    constructor(x, y) {
        this.x = x;
//           ^hover
        this.y = y;
    }

    // FIXME: Hover searches for 'x', should search for 'set x'
    // TODO: Display parameters in outline?
    set x(x) {
        x = 5;
    }

    get x() {
        // return this.x;
    }

    set y(y) {
        y = 10;
    }

    get y() {

    }

    computeMagnitude() {
        const magnitude = x * x + y * y;
        return magnitude;
//             ^hover
    };

}
Line 32 | x | Type: x: number = 5
Line 40 | y | Type: y: number = 10
Line 48 | Decl: magnitude | Type: const magnitude: number
Line 49 | magnitude | Type: const magnitude: number
Line 55 | a(...) | Return: any
Line 63 | a(...) | Return: any"
`;

exports[`Analyzer Snapshot Tests should match snapshot for parameter-inference.js 1`] = `
"Line 3 | a | Type: a: number || string
Line 3 | b | Type: b: number || string
Line 13 | a | Type: a: number
Line 13 | b | Type: b: number
Line 25 | Decl: x | Type: x: any
Line 28 | Decl: y | Type: y: string || number
Line 28 | x | Type: x: any
Line 41 | Decl: x | Type: x: any
Line 42 | a | Type: a: any
Line 42 | x | Type: x: any
Line 43 | a | Type: a: any
Line 43 | b | Type: b: number || string"
`;

exports[`Analyzer Snapshot Tests should match snapshot for return.js 1`] = `
"Line 6 | a | Type: a: number || string
Line 6 | b | Type: b: number || string
Line 6 | f1 | Type: f1: function = function f1(b) {
    if (b == true) return 'f1';
    return { flag : b };
}
Line 7 | b | Type: b: number || string
Line 8 | a | Type: a: number || string
Line 8 | b | Type: b: number || string
Line 10 | Decl: z | Type: z: string = 'f1' || object = {
  flag: boolean = false
}
Line 10 | f1(...) | Return: string || object
Line 10 | f1 | Type: f1: function = function f1(b) {
    if (b == true) return 'f1';
    return { flag : b };
}
Line 11 | z | Type: z: function = function f1(b) {
    if (b == true) return 'f1';
    return { flag : b };
} || array || object = {
  x: number = 10,
  y: number = 10
}
Line 11 | f2(...) | Return: function || array || object
Line 11 | f2 | Type: f2: function = function f2(a,b) {
    if (a+b == 20) return f1;
    if (b == -1) return [1,2];
    return { x : a, y : b };
}
Line 18 | Decl: x | Type: x: number = 2
Line 19 | Decl: y | Type: y: number = 7
Line 19 | x | Type: x: number = 2
Line 21 | x | Type: x: number = 100
Line 25 | Decl: x | Type: x: object = {
  a: number = 2
}
Line 25 | get2(...) | Return: object
Line 25 | get2 | Type: get2: function = function get2(a) {
    return {
        a: 2
    };
    let x = 2;
    let y = 5 + x;
    return 5;
    x = 100;
    return 100;

}
Line 26 | x | Type: x: object = {
  a: number = 2,
  b: number = 5
}
Line 28 | x | Type: x: object = {
  a: number = 2,
  b: number = 5,
  c: number = 10
}
Line 29 | x | Type: x: number = 10
Line 31 | Decl: zoo | Type: zoo: object = {
  x: number = 10,
  a: object = {
    a: number = 2
  }
}
Line 32 | x | Type: x: number = 10
Line 33 | get2(...) | Return: object
Line 33 | get2 | Type: get2: function = function get2(a) {
    return {
        a: 2
    };
    let x = 2;
    let y = 5 + x;
    return 5;
    x = 100;
    return 100;

}
Line 37 | Decl: global | Type: global: number = 5
Line 40 | global | Type: global: object = {
  a: number = 2
}
Line 40 | get2(...) | Return: object
Line 40 | get2 | Type: get2: function = function get2(a) {
    return {
        a: 2
    };
    let x = 2;
    let y = 5 + x;
    return 5;
    x = 100;
    return 100;

}
Line 43 | global | Type: global: number = 5"
`;

exports[`Analyzer Snapshot Tests should match snapshot for self-referential-assignment.js 1`] = `
"Line 1 | Decl: x | Type: x: number = 2
Line 2 | x | Type: x: number = 5
Line 2 | x | Type: x: number = 2
Line 4 | x | Type: x: number = 8
Line 4 | x | Type: x: number = 5
Line 6 | x | Type: x: number = 8
Line 6 | x | Type: x: number = 8"
`;

exports[`Analyzer Snapshot Tests should match snapshot for signature_help.js 1`] = `
"Line 5 | Decl: bar | Type: bar: object = {

}
Line 7 | foo | Type: foo: function = function foo(a, b) {

}
Line 8 | bar | Type: bar: object = {
  b: function = (a, b, c) => {}
}
Line 10 | bar | Type: bar: object = {
  b: function = function foo(a, b) {

}
}
Line 10 | foo | Type: foo: function = function foo(a, b) {

}
Line 14 | bar.b(...) | Return: undefined
Line 14 | bar | Type: bar: object = {
  b: function = (a, b, c) => {}  b: function = function foo(a, b) {

}
}"
`;

exports[`Analyzer Snapshot Tests should match snapshot for signature-help.js 1`] = `
"Line 1 | Decl: foo | Type: foo: undefined
Line 4 | foo | Type: foo: function = function(a, b) {
        return a + b;
    }
Line 5 | a | Type: a: number || string
Line 5 | b | Type: b: number || string
Line 8 | foo | Type: foo: function = function(c, d) {
        return c - d;
    }
Line 9 | c | Type: c: number
Line 9 | d | Type: d: number
Line 14 | foo(...) | Return: any
Line 14 | foo | Type: foo: function = function(a, b) {
        return a + b;
    }"
`;

exports[`Analyzer Snapshot Tests should match snapshot for single.js 1`] = `
"Line 1 | Decl: x | Type: const x: number = 1
Line 3 | x | Type: const x: number = 2"
`;

exports[`Analyzer Snapshot Tests should match snapshot for start.js 1`] = `
"Line 1 | Decl: x | Type: const x: number = 1
Line 1 | Decl: y | Type: const y: number = 2
Line 4 | x | Type: const x: number = 3"
`;

exports[`Analyzer Snapshot Tests should match snapshot for switch-statement.js 1`] = `
"Line 1 | Decl: x | Type: x: number = 100
Line 1 | Decl: a | Type: a: undefined
Line 1 | Decl: b | Type: b: undefined
Line 2 | a | Type: a: undefined
Line 4 | x | Type: x: number = 2
Line 6 | b | Type: b: undefined
Line 6 | x | Type: x: number = 5
Line 7 | x | Type: x: string = 'foo'
Line 8 | x | Type: x: string = 'bar'
Line 11 | x | Type: x: number = 2"
`;

exports[`Analyzer Snapshot Tests should match snapshot for temp-test.js 1`] = `
"Line 346 | Decl: x | Type: x: undefined
Line 352 | Decl: a | Type: const a: undefined
Line 352 | x | Type: x: number = 2
Line 353 | x | Type: x: number = 5
Line 355 | x | Type: x: number = 5
Line 358 | Decl: b | Type: b: undefined
Line 360 | Decl: a | Type: const a: undefined
Line 360 | b | Type: b: number = 100
Line 361 | b | Type: b: number = 200
Line 363 | b | Type: b: number = 200
Line 366 | Decl: c | Type: c: undefined
Line 367 | c | Type: c: number = 2
Line 368 | c | Type: c: number = 100
Line 370 | c | Type: c: number = 100"
`;

exports[`Analyzer Snapshot Tests should match snapshot for test.js 1`] = `
"Line 2 | Decl: a | Type: a: number = 1
Line 2 | Decl: b | Type: b: number = 2
Line 4 | Decl: b | Type: b: number = 2
Line 7 | Decl: c | Type: c: function = function() {}
Line 8 | Decl: z | Type: z: undefined
Line 10 | Decl: d | Type: d: number = 4
Line 11 | Decl: e | Type: const e: number = 5
Line 13 | x | Type: x: number = 2
Line 14 | x | Type: x: string = 'hello world'
Line 15 | x | Type: x: boolean = true
Line 16 | x | Type: x: undefined
Line 17 | x | Type: x: null
Line 18 | x | Type: x: object = {

}
Line 21 | Decl: jaja | Type: jaja: number = 2
Line 22 | Decl: a | Type: a: number = 1
Line 23 | x | Type: x: number = 2
Line 25 | x | Type: x: number = 2
Line 29 | Decl: n | Type: n: number = 2
Line 33 | y | Type: y: number = 2
Line 33 | x | Type: x: number = 2
Line 34 | y(...) | Return: any
Line 34 | y | Type: y: number = 2
Line 47 | Decl: obj | Type: obj: object = {
  a: string = 'foo'
}
Line 48 | whereToStoreValue | Type: whereToStoreValue: undefined
Line 48 | obj | Type: obj: object = {
  a: string = 'foo'
}
Line 50 | point | Type: point: class = class point {

	constructor(x, y) {
		this.setX(x);
		this.setY(y);
	};
	
	// set x(x) {
	// 	this.x = x; 
	// }

	// get x() {
	// 	return this.x;
	// }

	// set y(y) {
	// 	this.y = y;
	// }

	// get y() {
	// 	return this.y;
	// }

	computeMagnitude() {
		return Math.sqrt(this.x * this.x + this.y * this.y);
	}

}
Line 53 | this.setX(...) | Return: any
Line 54 | this.setY(...) | Return: any
Line 74 | Math.sqrt(...) | Return: any
Line 74 | x | Type: x: number = 2
Line 74 | x | Type: x: number = 2
Line 74 | y | Type: y: number = 2
Line 74 | y | Type: y: number = 2
Line 78 | Decl: p | Type: const p: point = {
  computeMagnitude: function = computeMagnitude() {
		return Math.sqrt(this.x * this.x + this.y * this.y);
	}
}
Line 78 | point | Type: point: class = class point {

	constructor(x, y) {
		this.setX(x);
		this.setY(y);
	};
	
	// set x(x) {
	// 	this.x = x; 
	// }

	// get x() {
	// 	return this.x;
	// }

	// set y(y) {
	// 	this.y = y;
	// }

	// get y() {
	// 	return this.y;
	// }

	computeMagnitude() {
		return Math.sqrt(this.x * this.x + this.y * this.y);
	}

}
Line 79 | p | Type: const p: point = {
  computeMagnitude: function = computeMagnitude() {
		return Math.sqrt(this.x * this.x + this.y * this.y);
	}
}
Line 82 | Decl: i | Type: i: number = 0
Line 82 | i | Type: i: number = 0
Line 82 | i | Type: i: number = 0
Line 83 | console.log(...) | Return: any
Line 83 | i | Type: i: number = 0
Line 85 | x | Type: x: number = 5
Line 85 | x | Type: x: number = 5
Line 85 | x | Type: x: string = ''
Line 85 | x | Type: x: string = ''"
`;
